  Geri y├╝klenecek projeler belirleniyor...
  Geri y├╝kleme i├ğin t├╝m projeler g├╝ncel.
C:\Users\umutk\OneDrive\Desktop\0\projects\new\SpotifyHotkeyController\SettingsForm.cs(19,16): warning CS8618: Null atanamaz alan 'txtPlayPause', olu┼şturucudan ├ğ─▒k─▒┼ş yaparken null olmayan bir de─şer i├ğermelidir. 'Gerekli' de─şi┼ştiricisini ekleyin veya alan de─şerini null atanabilir olarak bildirmeyi g├Âz ├Ân├╝nde bulundurun. [C:\Users\umutk\OneDrive\Desktop\0\projects\new\SpotifyHotkeyController\SpotifyHotkeyController.csproj]
C:\Users\umutk\OneDrive\Desktop\0\projects\new\SpotifyHotkeyController\SettingsForm.cs(19,16): warning CS8618: Null atanamaz alan 'txtNextTrack', olu┼şturucudan ├ğ─▒k─▒┼ş yaparken null olmayan bir de─şer i├ğermelidir. 'Gerekli' de─şi┼ştiricisini ekleyin veya alan de─şerini null atanabilir olarak bildirmeyi g├Âz ├Ân├╝nde bulundurun. [C:\Users\umutk\OneDrive\Desktop\0\projects\new\SpotifyHotkeyController\SpotifyHotkeyController.csproj]
C:\Users\umutk\OneDrive\Desktop\0\projects\new\SpotifyHotkeyController\SettingsForm.cs(19,16): warning CS8618: Null atanamaz alan 'txtPreviousTrack', olu┼şturucudan ├ğ─▒k─▒┼ş yaparken null olmayan bir de─şer i├ğermelidir. 'Gerekli' de─şi┼ştiricisini ekleyin veya alan de─şerini null atanabilir olarak bildirmeyi g├Âz ├Ân├╝nde bulundurun. [C:\Users\umutk\OneDrive\Desktop\0\projects\new\SpotifyHotkeyController\SpotifyHotkeyController.csproj]
C:\Users\umutk\OneDrive\Desktop\0\projects\new\SpotifyHotkeyController\SettingsForm.cs(19,16): warning CS8618: Null atanamaz alan 'btnSave', olu┼şturucudan ├ğ─▒k─▒┼ş yaparken null olmayan bir de─şer i├ğermelidir. 'Gerekli' de─şi┼ştiricisini ekleyin veya alan de─şerini null atanabilir olarak bildirmeyi g├Âz ├Ân├╝nde bulundurun. [C:\Users\umutk\OneDrive\Desktop\0\projects\new\SpotifyHotkeyController\SpotifyHotkeyController.csproj]
C:\Users\umutk\OneDrive\Desktop\0\projects\new\SpotifyHotkeyController\SettingsForm.cs(19,16): warning CS8618: Null atanamaz alan 'btnCancel', olu┼şturucudan ├ğ─▒k─▒┼ş yaparken null olmayan bir de─şer i├ğermelidir. 'Gerekli' de─şi┼ştiricisini ekleyin veya alan de─şerini null atanabilir olarak bildirmeyi g├Âz ├Ân├╝nde bulundurun. [C:\Users\umutk\OneDrive\Desktop\0\projects\new\SpotifyHotkeyController\SpotifyHotkeyController.csproj]
C:\Users\umutk\OneDrive\Desktop\0\projects\new\SpotifyHotkeyController\SettingsForm.cs(19,16): warning CS8618: Null atanamaz alan 'btnReset', olu┼şturucudan ├ğ─▒k─▒┼ş yaparken null olmayan bir de─şer i├ğermelidir. 'Gerekli' de─şi┼ştiricisini ekleyin veya alan de─şerini null atanabilir olarak bildirmeyi g├Âz ├Ân├╝nde bulundurun. [C:\Users\umutk\OneDrive\Desktop\0\projects\new\SpotifyHotkeyController\SpotifyHotkeyController.csproj]
C:\Users\umutk\OneDrive\Desktop\0\projects\new\SpotifyHotkeyController\SettingsForm.cs(260,33): error CS0176: ├ûrnek ba┼şvurusuyla 'Keys.None' ├╝yesine eri┼şilemez; bunun yerine bir t├╝r ad─▒yla niteleyin [C:\Users\umutk\OneDrive\Desktop\0\projects\new\SpotifyHotkeyController\SpotifyHotkeyController.csproj]
C:\Users\umutk\OneDrive\Desktop\0\projects\new\SpotifyHotkeyController\SettingsForm.cs(261,36): error CS0176: ├ûrnek ba┼şvurusuyla 'Keys.Control' ├╝yesine eri┼şilemez; bunun yerine bir t├╝r ad─▒yla niteleyin [C:\Users\umutk\OneDrive\Desktop\0\projects\new\SpotifyHotkeyController\SpotifyHotkeyController.csproj]
C:\Users\umutk\OneDrive\Desktop\0\projects\new\SpotifyHotkeyController\SettingsForm.cs(262,32): error CS0176: ├ûrnek ba┼şvurusuyla 'Keys.Alt' ├╝yesine eri┼şilemez; bunun yerine bir t├╝r ad─▒yla niteleyin [C:\Users\umutk\OneDrive\Desktop\0\projects\new\SpotifyHotkeyController\SpotifyHotkeyController.csproj]
C:\Users\umutk\OneDrive\Desktop\0\projects\new\SpotifyHotkeyController\SettingsForm.cs(263,34): error CS0176: ├ûrnek ba┼şvurusuyla 'Keys.Shift' ├╝yesine eri┼şilemez; bunun yerine bir t├╝r ad─▒yla niteleyin [C:\Users\umutk\OneDrive\Desktop\0\projects\new\SpotifyHotkeyController\SpotifyHotkeyController.csproj]

Olu┼şturma BA┼ŞARISIZ OLDU.

C:\Users\umutk\OneDrive\Desktop\0\projects\new\SpotifyHotkeyController\SettingsForm.cs(19,16): warning CS8618: Null atanamaz alan 'txtPlayPause', olu┼şturucudan ├ğ─▒k─▒┼ş yaparken null olmayan bir de─şer i├ğermelidir. 'Gerekli' de─şi┼ştiricisini ekleyin veya alan de─şerini null atanabilir olarak bildirmeyi g├Âz ├Ân├╝nde bulundurun. [C:\Users\umutk\OneDrive\Desktop\0\projects\new\SpotifyHotkeyController\SpotifyHotkeyController.csproj]
C:\Users\umutk\OneDrive\Desktop\0\projects\new\SpotifyHotkeyController\SettingsForm.cs(19,16): warning CS8618: Null atanamaz alan 'txtNextTrack', olu┼şturucudan ├ğ─▒k─▒┼ş yaparken null olmayan bir de─şer i├ğermelidir. 'Gerekli' de─şi┼ştiricisini ekleyin veya alan de─şerini null atanabilir olarak bildirmeyi g├Âz ├Ân├╝nde bulundurun. [C:\Users\umutk\OneDrive\Desktop\0\projects\new\SpotifyHotkeyController\SpotifyHotkeyController.csproj]
C:\Users\umutk\OneDrive\Desktop\0\projects\new\SpotifyHotkeyController\SettingsForm.cs(19,16): warning CS8618: Null atanamaz alan 'txtPreviousTrack', olu┼şturucudan ├ğ─▒k─▒┼ş yaparken null olmayan bir de─şer i├ğermelidir. 'Gerekli' de─şi┼ştiricisini ekleyin veya alan de─şerini null atanabilir olarak bildirmeyi g├Âz ├Ân├╝nde bulundurun. [C:\Users\umutk\OneDrive\Desktop\0\projects\new\SpotifyHotkeyController\SpotifyHotkeyController.csproj]
C:\Users\umutk\OneDrive\Desktop\0\projects\new\SpotifyHotkeyController\SettingsForm.cs(19,16): warning CS8618: Null atanamaz alan 'btnSave', olu┼şturucudan ├ğ─▒k─▒┼ş yaparken null olmayan bir de─şer i├ğermelidir. 'Gerekli' de─şi┼ştiricisini ekleyin veya alan de─şerini null atanabilir olarak bildirmeyi g├Âz ├Ân├╝nde bulundurun. [C:\Users\umutk\OneDrive\Desktop\0\projects\new\SpotifyHotkeyController\SpotifyHotkeyController.csproj]
C:\Users\umutk\OneDrive\Desktop\0\projects\new\SpotifyHotkeyController\SettingsForm.cs(19,16): warning CS8618: Null atanamaz alan 'btnCancel', olu┼şturucudan ├ğ─▒k─▒┼ş yaparken null olmayan bir de─şer i├ğermelidir. 'Gerekli' de─şi┼ştiricisini ekleyin veya alan de─şerini null atanabilir olarak bildirmeyi g├Âz ├Ân├╝nde bulundurun. [C:\Users\umutk\OneDrive\Desktop\0\projects\new\SpotifyHotkeyController\SpotifyHotkeyController.csproj]
C:\Users\umutk\OneDrive\Desktop\0\projects\new\SpotifyHotkeyController\SettingsForm.cs(19,16): warning CS8618: Null atanamaz alan 'btnReset', olu┼şturucudan ├ğ─▒k─▒┼ş yaparken null olmayan bir de─şer i├ğermelidir. 'Gerekli' de─şi┼ştiricisini ekleyin veya alan de─şerini null atanabilir olarak bildirmeyi g├Âz ├Ân├╝nde bulundurun. [C:\Users\umutk\OneDrive\Desktop\0\projects\new\SpotifyHotkeyController\SpotifyHotkeyController.csproj]
C:\Users\umutk\OneDrive\Desktop\0\projects\new\SpotifyHotkeyController\SettingsForm.cs(260,33): error CS0176: ├ûrnek ba┼şvurusuyla 'Keys.None' ├╝yesine eri┼şilemez; bunun yerine bir t├╝r ad─▒yla niteleyin [C:\Users\umutk\OneDrive\Desktop\0\projects\new\SpotifyHotkeyController\SpotifyHotkeyController.csproj]
C:\Users\umutk\OneDrive\Desktop\0\projects\new\SpotifyHotkeyController\SettingsForm.cs(261,36): error CS0176: ├ûrnek ba┼şvurusuyla 'Keys.Control' ├╝yesine eri┼şilemez; bunun yerine bir t├╝r ad─▒yla niteleyin [C:\Users\umutk\OneDrive\Desktop\0\projects\new\SpotifyHotkeyController\SpotifyHotkeyController.csproj]
C:\Users\umutk\OneDrive\Desktop\0\projects\new\SpotifyHotkeyController\SettingsForm.cs(262,32): error CS0176: ├ûrnek ba┼şvurusuyla 'Keys.Alt' ├╝yesine eri┼şilemez; bunun yerine bir t├╝r ad─▒yla niteleyin [C:\Users\umutk\OneDrive\Desktop\0\projects\new\SpotifyHotkeyController\SpotifyHotkeyController.csproj]
C:\Users\umutk\OneDrive\Desktop\0\projects\new\SpotifyHotkeyController\SettingsForm.cs(263,34): error CS0176: ├ûrnek ba┼şvurusuyla 'Keys.Shift' ├╝yesine eri┼şilemez; bunun yerine bir t├╝r ad─▒yla niteleyin [C:\Users\umutk\OneDrive\Desktop\0\projects\new\SpotifyHotkeyController\SpotifyHotkeyController.csproj]
    6 Uyar─▒
    4 Hata

Ge├ğen S├╝re 00:00:01.01
